// Jest Snapshot v1, https://goo.gl/fbAQLP

exports[`#common components test should render large if pass size  large 1`] = `
<View
  style={
    Object {
      "alignItems": "center",
      "flex": 1,
      "justifyContent": "center",
    }
  }
>
  <ActivityIndicator
    animating={true}
    color="#00C0FF"
    hidesWhenStopped={true}
    size="large"
  />
</View>
`;

exports[`#common components test should render properly if passed nothing 1`] = `
<View
  style={
    Object {
      "alignItems": "center",
      "flex": 1,
      "justifyContent": "center",
    }
  }
>
  <ActivityIndicator
    animating={true}
    color="#00C0FF"
    hidesWhenStopped={true}
    size="large"
  />
</View>
`;

exports[`#common components test should render white if pass color 1`] = `
<View
  style={
    Object {
      "alignItems": "center",
      "flex": 1,
      "justifyContent": "center",
    }
  }
>
  <ActivityIndicator
    animating={true}
    color="#00C0FF"
    hidesWhenStopped={true}
    size="large"
  />
</View>
`;
